../Core/Src/main.c:84:5:main	8	static
../Core/Src/main.c:137:6:SystemClock_Config	88	static
../Core/Src/main.c:184:13:MX_I2C1_Init	8	static
../Core/Src/main.c:218:13:MX_TIM2_Init	64	static
../Core/Src/main.c:277:13:MX_USART2_UART_Init	8	static
../Core/Src/main.c:310:13:MX_GPIO_Init	48	static
../Core/Src/main.c:363:6:ActivateLED	8	static
../Core/Src/main.c:376:6:ActivateBuzzer	8	static
../Core/Src/main.c:384:6:UpdateBuzzer	8	static
../Core/Src/main.c:400:6:HAL_UART_RxCpltCallback	80	static
../Core/Src/main.c:451:6:Error_Handler	4	static,ignoring_inline_asm
